// Jest Snapshot v1, https://jestjs.io/docs/snapshot-testing

exports[`DefButton Test theme 오버라이드 snapshot 1`] = `
<div>
  <button
    class="relative flex items-center justify-center rounded-lg text-center focus:outline-none px-5 bg-primary-700 text-white hover:bg-primary-800 focus:ring-primary-300 dark:bg-primary-600 dark:hover:bg-primary-700 dark:focus:ring-primary-800 w-full h-full cursor-pointer text-[1.125rem] focus:ring-0 font-semibold"
    type="button"
  >
    <div
      class="flex gap-2 items-center"
    >
      <span>
        btn
      </span>
    </div>
  </button>
</div>
`;
